#sequence-name	taxid	genus-species	notes
*		Sphaerium simile;Sphaerium corneum;Pisidium compressum	Only expect 3 of the 11 species to match this marker
