#sequence-name	taxid	genus-species	notes
*			None expected
