#sequence-name	taxid	genus-species	notes
*		Bos taurus;Echinocactus sp.;Euphorbia sp.;Aloe variegata;Dendrobium sp.;Cycas revoluta	85% Bos taurus
