#sequence-name	taxid	genus-species	notes
*		Parapenaeopsis sp.;Anguilla anguilla;Crocodylus niloticus;Gallus gallus;Pieris brassicae;Lactuca sativa	95% Lactuca sativa
