#sequence-name	taxid	genus-species	notes
*		Bos taurus;Lactuca sativa	99% Bos taurus and 1% Lactuca sativa
