#sequence-name	taxid	genus-species	notes
*		Bos taurus;Lactuca sativa	90% Bos taurus and 10% Lactuca sativa
