#sequence-name	taxid	genus-species	notes
*		Bos taurus;Lactuca sativa	1% Bos taurus and 99% Lactuca sativa
