#sequence-name	taxid	genus-species	notes
*		Bos taurus;Lactuca sativa	10% Bos taurus and 90% Lactuca sativa
