#sequence-name	taxid	genus-species	notes
*		Bos taurus;Aloe variegata	99% Bos taurus and 1% Aloe variegata
