#sequence-name	taxid	genus-species	notes
*		Bos taurus;Parapenaeopsis sp.;Anguilla anguilla;Crocodylus niloticus;Gallus gallus;Pieris brassicae	95% Bos taurus
