#sequence-name	taxid	genus-species	notes
*		Echinocactus sp.;Euphorbia sp.;Aloe variegata;Dendrobium sp.;Cycas revoluta;Lactuca sativa	95% Lactuca sativa
