#read	taxis	species	notes
*		Echinocactus sp.;Euphorbia sp.;Aloe variegata;Dendrobium sp.;Cycas revoluta;Lactuca sativa	85% Lactuca sativa
